2025-03-18 11:02:28,294 - INFO - 开始分析，结果将保存到: ./Results/HierarchicalKAN_BrainVoxel/BrainVoxel/20250318_110221
2025-03-18 11:02:28,294 - INFO - 使用随机种子: 666
2025-03-18 11:02:28,294 - INFO - 特征总维度: 341
2025-03-18 11:02:28,295 - INFO - 类别总数: 102
2025-03-18 11:02:28,295 - INFO - 1. 加载数据...
2025-03-18 11:02:28,295 - INFO - 从目录加载多类别数据...
2025-03-18 11:02:28,296 - INFO - 训练集目录: /home/jovyan/gpu_space/workspace_jiayi/KAN training/brain_voxel_data/restructured/train
2025-03-18 11:02:28,296 - INFO - 测试集目录: /home/jovyan/gpu_space/workspace_jiayi/KAN training/brain_voxel_data/restructured/test
2025-03-18 11:02:28,296 - INFO - 验证集目录: /home/jovyan/gpu_space/workspace_jiayi/KAN training/brain_voxel_data/restructured/val
2025-03-18 11:02:28,311 - INFO - 找到 101 个训练文件, 101 个测试文件, 101 个验证文件
2025-03-18 11:02:28,311 - INFO - 加载特征数据: label_0_count_124615_voxels.npy
2025-03-18 11:02:29,661 - INFO - 加载特征数据: label_100_count_3372_voxels.npy
2025-03-18 11:02:29,715 - INFO - 加载特征数据: label_101_count_3847_voxels.npy
2025-03-18 11:02:29,782 - INFO - 加载特征数据: label_10_count_57074_voxels.npy
2025-03-18 11:02:30,552 - INFO - 加载特征数据: label_11_count_55357_voxels.npy
2025-03-18 11:02:31,398 - INFO - 加载特征数据: label_12_count_22326_voxels.npy
2025-03-18 11:02:31,648 - INFO - 加载特征数据: label_13_count_17004_voxels.npy
2025-03-18 11:02:31,823 - INFO - 加载特征数据: label_14_count_8418_voxels.npy
2025-03-18 11:02:31,922 - INFO - 加载特征数据: label_15_count_5664_voxels.npy
2025-03-18 11:02:31,996 - INFO - 加载特征数据: label_16_count_59247_voxels.npy
2025-03-18 11:02:32,543 - INFO - 加载特征数据: label_17_count_3401_voxels.npy
2025-03-18 11:02:32,597 - INFO - 加载特征数据: label_18_count_10752_voxels.npy
2025-03-18 11:02:32,717 - INFO - 加载特征数据: label_19_count_16868_voxels.npy
2025-03-18 11:02:32,890 - INFO - 加载特征数据: label_1_count_9685_voxels.npy
2025-03-18 11:02:33,000 - INFO - 加载特征数据: label_20_count_2464_voxels.npy
2025-03-18 11:02:33,035 - INFO - 加载特征数据: label_21_count_4123_voxels.npy
2025-03-18 11:02:33,097 - INFO - 加载特征数据: label_22_count_2023_voxels.npy
2025-03-18 11:02:33,129 - INFO - 加载特征数据: label_23_count_1336_voxels.npy
2025-03-18 11:02:33,152 - INFO - 加载特征数据: label_24_count_2032_voxels.npy
2025-03-18 11:02:33,181 - INFO - 加载特征数据: label_25_count_4804_voxels.npy
2025-03-18 11:02:33,252 - INFO - 加载特征数据: label_26_count_4928_voxels.npy
2025-03-18 11:02:33,315 - INFO - 加载特征数据: label_27_count_7378_voxels.npy
2025-03-18 11:02:33,410 - INFO - 加载特征数据: label_28_count_27948_voxels.npy
2025-03-18 11:02:33,682 - INFO - 加载特征数据: label_29_count_5697_voxels.npy
2025-03-18 11:02:33,753 - INFO - 加载特征数据: label_2_count_9889_voxels.npy
2025-03-18 11:02:33,863 - INFO - 加载特征数据: label_30_count_544_voxels.npy
2025-03-18 11:02:33,872 - INFO - 加载特征数据: label_31_count_40025_voxels.npy
2025-03-18 11:02:34,236 - INFO - 加载特征数据: label_32_count_6472_voxels.npy
2025-03-18 11:02:34,316 - INFO - 加载特征数据: label_33_count_76385_voxels.npy
2025-03-18 11:02:35,427 - INFO - 加载特征数据: label_34_count_90203_voxels.npy
2025-03-18 11:02:36,376 - INFO - 加载特征数据: label_35_count_66690_voxels.npy
2025-03-18 11:02:36,986 - INFO - 加载特征数据: label_36_count_23000_voxels.npy
2025-03-18 11:02:37,212 - INFO - 加载特征数据: label_37_count_153601_voxels.npy
2025-03-18 11:02:38,625 - INFO - 加载特征数据: label_38_count_96130_voxels.npy
2025-03-18 11:02:39,950 - INFO - 加载特征数据: label_39_count_90828_voxels.npy
2025-03-18 11:02:40,808 - INFO - 加载特征数据: label_3_count_111727_voxels.npy
2025-03-18 11:02:41,910 - INFO - 加载特征数据: label_40_count_63314_voxels.npy
2025-03-18 11:02:42,484 - INFO - 加载特征数据: label_41_count_132550_voxels.npy
2025-03-18 11:02:43,653 - INFO - 加载特征数据: label_42_count_20856_voxels.npy
2025-03-18 11:02:43,916 - INFO - 加载特征数据: label_44_count_41606_voxels.npy
2025-03-18 11:02:44,309 - INFO - 加载特征数据: label_45_count_33285_voxels.npy
2025-03-18 11:02:44,616 - INFO - 加载特征数据: label_46_count_55147_voxels.npy
2025-03-18 11:02:45,085 - INFO - 加载特征数据: label_47_count_36841_voxels.npy
2025-03-18 11:02:45,419 - INFO - 加载特征数据: label_48_count_30228_voxels.npy
2025-03-18 11:02:45,689 - INFO - 加载特征数据: label_49_count_931_voxels.npy
2025-03-18 11:02:45,743 - INFO - 加载特征数据: label_4_count_102353_voxels.npy
2025-03-18 11:02:46,683 - INFO - 加载特征数据: label_50_count_33637_voxels.npy
2025-03-18 11:02:46,990 - INFO - 加载特征数据: label_51_count_44050_voxels.npy
2025-03-18 11:02:47,418 - INFO - 加载特征数据: label_52_count_32923_voxels.npy
2025-03-18 11:02:47,722 - INFO - 加载特征数据: label_53_count_101414_voxels.npy
2025-03-18 11:02:48,645 - INFO - 加载特征数据: label_54_count_33663_voxels.npy
2025-03-18 11:02:48,956 - INFO - 加载特征数据: label_55_count_23986_voxels.npy
2025-03-18 11:02:49,179 - INFO - 加载特征数据: label_56_count_140307_voxels.npy
2025-03-18 11:02:50,435 - INFO - 加载特征数据: label_57_count_42001_voxels.npy
2025-03-18 11:02:50,817 - INFO - 加载特征数据: label_58_count_9816_voxels.npy
2025-03-18 11:02:50,931 - INFO - 加载特征数据: label_59_count_13468_voxels.npy
2025-03-18 11:02:51,068 - INFO - 加载特征数据: label_5_count_41286_voxels.npy
2025-03-18 11:02:51,449 - INFO - 加载特征数据: label_60_count_95371_voxels.npy
2025-03-18 11:02:52,287 - INFO - 加载特征数据: label_61_count_8032_voxels.npy
2025-03-18 11:02:52,377 - INFO - 加载特征数据: label_62_count_85852_voxels.npy
2025-03-18 11:02:53,188 - INFO - 加载特征数据: label_63_count_32758_voxels.npy
2025-03-18 11:02:53,486 - INFO - 加载特征数据: label_64_count_11172_voxels.npy
2025-03-18 11:02:53,609 - INFO - 加载特征数据: label_65_count_1591_voxels.npy
2025-03-18 11:02:53,632 - INFO - 加载特征数据: label_66_count_28779_voxels.npy
2025-03-18 11:02:53,914 - INFO - 加载特征数据: label_67_count_67110_voxels.npy
2025-03-18 11:02:54,501 - INFO - 加载特征数据: label_68_count_78130_voxels.npy
2025-03-18 11:02:55,206 - INFO - 加载特征数据: label_69_count_54684_voxels.npy
2025-03-18 11:02:55,698 - INFO - 加载特征数据: label_6_count_69541_voxels.npy
2025-03-18 11:02:56,309 - INFO - 加载特征数据: label_70_count_31057_voxels.npy
2025-03-18 11:02:56,598 - INFO - 加载特征数据: label_71_count_121841_voxels.npy
2025-03-18 11:02:57,641 - INFO - 加载特征数据: label_72_count_95191_voxels.npy
2025-03-18 11:02:58,532 - INFO - 加载特征数据: label_73_count_62056_voxels.npy
2025-03-18 11:02:59,109 - INFO - 加载特征数据: label_74_count_44561_voxels.npy
2025-03-18 11:02:59,591 - INFO - 加载特征数据: label_75_count_66392_voxels.npy
2025-03-18 11:03:00,205 - INFO - 加载特征数据: label_76_count_9678_voxels.npy
2025-03-18 11:03:00,321 - INFO - 加载特征数据: label_77_count_217_voxels.npy
2025-03-18 11:03:00,326 - INFO - 加载特征数据: label_78_count_26406_voxels.npy
2025-03-18 11:03:00,582 - INFO - 加载特征数据: label_79_count_13981_voxels.npy
2025-03-18 11:03:00,730 - INFO - 加载特征数据: label_7_count_27253_voxels.npy
2025-03-18 11:03:00,997 - INFO - 加载特征数据: label_80_count_38738_voxels.npy
2025-03-18 11:03:01,390 - INFO - 加载特征数据: label_81_count_42223_voxels.npy
2025-03-18 11:03:01,808 - INFO - 加载特征数据: label_82_count_15434_voxels.npy
2025-03-18 11:03:01,978 - INFO - 加载特征数据: label_83_count_3898_voxels.npy
2025-03-18 11:03:02,036 - INFO - 加载特征数据: label_84_count_19870_voxels.npy
2025-03-18 11:03:02,240 - INFO - 加载特征数据: label_85_count_46035_voxels.npy
2025-03-18 11:03:02,674 - INFO - 加载特征数据: label_86_count_30621_voxels.npy
2025-03-18 11:03:02,970 - INFO - 加载特征数据: label_87_count_84852_voxels.npy
2025-03-18 11:03:03,713 - INFO - 加载特征数据: label_88_count_26475_voxels.npy
2025-03-18 11:03:03,965 - INFO - 加载特征数据: label_89_count_31330_voxels.npy
2025-03-18 11:03:04,261 - INFO - 加载特征数据: label_8_count_10672_voxels.npy
2025-03-18 11:03:04,384 - INFO - 加载特征数据: label_90_count_89889_voxels.npy
2025-03-18 11:03:05,300 - INFO - 加载特征数据: label_91_count_26181_voxels.npy
2025-03-18 11:03:05,588 - INFO - 加载特征数据: label_92_count_4928_voxels.npy
2025-03-18 11:03:05,655 - INFO - 加载特征数据: label_93_count_12085_voxels.npy
2025-03-18 11:03:05,795 - INFO - 加载特征数据: label_94_count_99656_voxels.npy
2025-03-18 11:03:06,781 - INFO - 加载特征数据: label_95_count_103736_voxels.npy
2025-03-18 11:03:07,794 - INFO - 加载特征数据: label_96_count_8290_voxels.npy
2025-03-18 11:03:07,910 - INFO - 加载特征数据: label_97_count_41237_voxels.npy
2025-03-18 11:03:08,315 - INFO - 加载特征数据: label_98_count_4928_voxels.npy
2025-03-18 11:03:08,385 - INFO - 加载特征数据: label_99_count_41955_voxels.npy
2025-03-18 11:03:08,899 - INFO - 加载特征数据: label_9_count_2941_voxels.npy
2025-03-18 11:03:08,965 - INFO - 加载特征数据: label_0_count_41538_voxels.npy
2025-03-18 11:03:09,467 - INFO - 加载特征数据: label_100_count_1124_voxels.npy
2025-03-18 11:03:09,492 - INFO - 加载特征数据: label_101_count_1282_voxels.npy
2025-03-18 11:03:09,518 - INFO - 加载特征数据: label_10_count_19024_voxels.npy
2025-03-18 11:03:10,107 - INFO - 加载特征数据: label_11_count_18452_voxels.npy
2025-03-18 11:03:10,307 - INFO - 加载特征数据: label_12_count_7442_voxels.npy
2025-03-18 11:03:10,405 - INFO - 加载特征数据: label_13_count_5668_voxels.npy
2025-03-18 11:03:10,479 - INFO - 加载特征数据: label_14_count_2806_voxels.npy
2025-03-18 11:03:10,523 - INFO - 加载特征数据: label_15_count_1888_voxels.npy
2025-03-18 11:03:10,552 - INFO - 加载特征数据: label_16_count_19749_voxels.npy
2025-03-18 11:03:10,756 - INFO - 加载特征数据: label_17_count_1133_voxels.npy
2025-03-18 11:03:10,775 - INFO - 加载特征数据: label_18_count_3584_voxels.npy
2025-03-18 11:03:10,827 - INFO - 加载特征数据: label_19_count_5622_voxels.npy
2025-03-18 11:03:10,904 - INFO - 加载特征数据: label_1_count_3228_voxels.npy
2025-03-18 11:03:10,953 - INFO - 加载特征数据: label_20_count_821_voxels.npy
2025-03-18 11:03:10,969 - INFO - 加载特征数据: label_21_count_1374_voxels.npy
2025-03-18 11:03:10,992 - INFO - 加载特征数据: label_22_count_674_voxels.npy
2025-03-18 11:03:11,003 - INFO - 加载特征数据: label_23_count_445_voxels.npy
2025-03-18 11:03:11,011 - INFO - 加载特征数据: label_24_count_677_voxels.npy
2025-03-18 11:03:11,023 - INFO - 加载特征数据: label_25_count_1601_voxels.npy
2025-03-18 11:03:11,047 - INFO - 加载特征数据: label_26_count_1642_voxels.npy
2025-03-18 11:03:11,072 - INFO - 加载特征数据: label_27_count_2459_voxels.npy
2025-03-18 11:03:11,109 - INFO - 加载特征数据: label_28_count_9316_voxels.npy
2025-03-18 11:03:11,232 - INFO - 加载特征数据: label_29_count_1899_voxels.npy
2025-03-18 11:03:11,263 - INFO - 加载特征数据: label_2_count_3296_voxels.npy
2025-03-18 11:03:11,317 - INFO - 加载特征数据: label_30_count_181_voxels.npy
2025-03-18 11:03:11,321 - INFO - 加载特征数据: label_31_count_13341_voxels.npy
2025-03-18 11:03:11,480 - INFO - 加载特征数据: label_32_count_2157_voxels.npy
2025-03-18 11:03:11,515 - INFO - 加载特征数据: label_33_count_25461_voxels.npy
2025-03-18 11:03:11,846 - INFO - 加载特征数据: label_34_count_30067_voxels.npy
2025-03-18 11:03:12,379 - INFO - 加载特征数据: label_35_count_22230_voxels.npy
2025-03-18 11:03:12,611 - INFO - 加载特征数据: label_36_count_7666_voxels.npy
2025-03-18 11:03:12,707 - INFO - 加载特征数据: label_37_count_51200_voxels.npy
2025-03-18 11:03:13,203 - INFO - 加载特征数据: label_38_count_32043_voxels.npy
2025-03-18 11:03:13,519 - INFO - 加载特征数据: label_39_count_30276_voxels.npy
2025-03-18 11:03:13,815 - INFO - 加载特征数据: label_3_count_37242_voxels.npy
2025-03-18 11:03:14,233 - INFO - 加载特征数据: label_40_count_21104_voxels.npy
2025-03-18 11:03:14,446 - INFO - 加载特征数据: label_41_count_44183_voxels.npy
2025-03-18 11:03:14,888 - INFO - 加载特征数据: label_42_count_6952_voxels.npy
2025-03-18 11:03:14,979 - INFO - 加载特征数据: label_44_count_13868_voxels.npy
2025-03-18 11:03:15,125 - INFO - 加载特征数据: label_45_count_11095_voxels.npy
2025-03-18 11:03:15,241 - INFO - 加载特征数据: label_46_count_18382_voxels.npy
2025-03-18 11:03:15,428 - INFO - 加载特征数据: label_47_count_12280_voxels.npy
2025-03-18 11:03:15,554 - INFO - 加载特征数据: label_48_count_10076_voxels.npy
2025-03-18 11:03:15,671 - INFO - 加载特征数据: label_49_count_310_voxels.npy
2025-03-18 11:03:15,676 - INFO - 加载特征数据: label_4_count_34117_voxels.npy
2025-03-18 11:03:15,998 - INFO - 加载特征数据: label_50_count_11212_voxels.npy
2025-03-18 11:03:16,128 - INFO - 加载特征数据: label_51_count_14683_voxels.npy
2025-03-18 11:03:16,275 - INFO - 加载特征数据: label_52_count_10974_voxels.npy
2025-03-18 11:03:16,394 - INFO - 加载特征数据: label_53_count_33804_voxels.npy
2025-03-18 11:03:16,711 - INFO - 加载特征数据: label_54_count_11221_voxels.npy
2025-03-18 11:03:16,840 - INFO - 加载特征数据: label_55_count_7995_voxels.npy
2025-03-18 11:03:16,931 - INFO - 加载特征数据: label_56_count_46769_voxels.npy
2025-03-18 11:03:17,353 - INFO - 加载特征数据: label_57_count_14000_voxels.npy
2025-03-18 11:03:17,505 - INFO - 加载特征数据: label_58_count_3272_voxels.npy
2025-03-18 11:03:17,558 - INFO - 加载特征数据: label_59_count_4489_voxels.npy
2025-03-18 11:03:17,629 - INFO - 加载特征数据: label_5_count_13762_voxels.npy
2025-03-18 11:03:17,788 - INFO - 加载特征数据: label_60_count_31790_voxels.npy
2025-03-18 11:03:18,092 - INFO - 加载特征数据: label_61_count_2677_voxels.npy
2025-03-18 11:03:18,134 - INFO - 加载特征数据: label_62_count_28617_voxels.npy
2025-03-18 11:03:18,416 - INFO - 加载特征数据: label_63_count_10919_voxels.npy
2025-03-18 11:03:18,544 - INFO - 加载特征数据: label_64_count_3724_voxels.npy
2025-03-18 11:03:18,600 - INFO - 加载特征数据: label_65_count_530_voxels.npy
2025-03-18 11:03:18,609 - INFO - 加载特征数据: label_66_count_9593_voxels.npy
2025-03-18 11:03:18,713 - INFO - 加载特征数据: label_67_count_22370_voxels.npy
2025-03-18 11:03:18,946 - INFO - 加载特征数据: label_68_count_26043_voxels.npy
2025-03-18 11:03:19,266 - INFO - 加载特征数据: label_69_count_18228_voxels.npy
2025-03-18 11:03:19,821 - INFO - 加载特征数据: label_6_count_23180_voxels.npy
2025-03-18 11:03:20,062 - INFO - 加载特征数据: label_70_count_10352_voxels.npy
2025-03-18 11:03:20,175 - INFO - 加载特征数据: label_71_count_40613_voxels.npy
2025-03-18 11:03:20,561 - INFO - 加载特征数据: label_72_count_31730_voxels.npy
2025-03-18 11:03:20,869 - INFO - 加载特征数据: label_73_count_20685_voxels.npy
2025-03-18 11:03:21,084 - INFO - 加载特征数据: label_74_count_14853_voxels.npy
2025-03-18 11:03:21,241 - INFO - 加载特征数据: label_75_count_22130_voxels.npy
2025-03-18 11:03:21,459 - INFO - 加载特征数据: label_76_count_3226_voxels.npy
2025-03-18 11:03:21,507 - INFO - 加载特征数据: label_77_count_72_voxels.npy
2025-03-18 11:03:21,509 - INFO - 加载特征数据: label_78_count_8802_voxels.npy
2025-03-18 11:03:21,613 - INFO - 加载特征数据: label_79_count_4660_voxels.npy
2025-03-18 11:03:21,681 - INFO - 加载特征数据: label_7_count_9084_voxels.npy
2025-03-18 11:03:21,783 - INFO - 加载特征数据: label_80_count_12912_voxels.npy
2025-03-18 11:03:21,922 - INFO - 加载特征数据: label_81_count_14074_voxels.npy
2025-03-18 11:03:22,074 - INFO - 加载特征数据: label_82_count_5144_voxels.npy
2025-03-18 11:03:22,141 - INFO - 加载特征数据: label_83_count_1299_voxels.npy
2025-03-18 11:03:22,163 - INFO - 加载特征数据: label_84_count_6623_voxels.npy
2025-03-18 11:03:22,249 - INFO - 加载特征数据: label_85_count_15345_voxels.npy
2025-03-18 11:03:22,720 - INFO - 加载特征数据: label_86_count_10207_voxels.npy
2025-03-18 11:03:22,847 - INFO - 加载特征数据: label_87_count_28284_voxels.npy
2025-03-18 11:03:23,126 - INFO - 加载特征数据: label_88_count_8825_voxels.npy
2025-03-18 11:03:23,240 - INFO - 加载特征数据: label_89_count_10443_voxels.npy
2025-03-18 11:03:23,360 - INFO - 加载特征数据: label_8_count_3557_voxels.npy
2025-03-18 11:03:23,413 - INFO - 加载特征数据: label_90_count_29963_voxels.npy
2025-03-18 11:03:23,693 - INFO - 加载特征数据: label_91_count_8727_voxels.npy
2025-03-18 11:03:23,800 - INFO - 加载特征数据: label_92_count_1642_voxels.npy
2025-03-18 11:03:23,826 - INFO - 加载特征数据: label_93_count_4028_voxels.npy
2025-03-18 11:03:23,890 - INFO - 加载特征数据: label_94_count_33218_voxels.npy
2025-03-18 11:03:24,453 - INFO - 加载特征数据: label_95_count_34578_voxels.npy
2025-03-18 11:03:24,844 - INFO - 加载特征数据: label_96_count_2763_voxels.npy
2025-03-18 11:03:24,889 - INFO - 加载特征数据: label_97_count_13745_voxels.npy
2025-03-18 11:03:25,040 - INFO - 加载特征数据: label_98_count_1642_voxels.npy
2025-03-18 11:03:25,066 - INFO - 加载特征数据: label_99_count_13985_voxels.npy
2025-03-18 11:03:25,220 - INFO - 加载特征数据: label_9_count_980_voxels.npy
2025-03-18 11:03:25,236 - INFO - 加载特征数据: label_0_count_41539_voxels.npy
2025-03-18 11:03:25,647 - INFO - 加载特征数据: label_100_count_1125_voxels.npy
2025-03-18 11:03:25,668 - INFO - 加载特征数据: label_101_count_1283_voxels.npy
2025-03-18 11:03:25,689 - INFO - 加载特征数据: label_10_count_19026_voxels.npy
2025-03-18 11:03:25,938 - INFO - 加载特征数据: label_11_count_18454_voxels.npy
2025-03-18 11:03:26,153 - INFO - 加载特征数据: label_12_count_7442_voxels.npy
2025-03-18 11:03:26,246 - INFO - 加载特征数据: label_13_count_5669_voxels.npy
2025-03-18 11:03:26,321 - INFO - 加载特征数据: label_14_count_2806_voxels.npy
2025-03-18 11:03:26,366 - INFO - 加载特征数据: label_15_count_1889_voxels.npy
2025-03-18 11:03:26,394 - INFO - 加载特征数据: label_16_count_19750_voxels.npy
2025-03-18 11:03:26,614 - INFO - 加载特征数据: label_17_count_1135_voxels.npy
2025-03-18 11:03:26,636 - INFO - 加载特征数据: label_18_count_3584_voxels.npy
2025-03-18 11:03:26,692 - INFO - 加载特征数据: label_19_count_5624_voxels.npy
2025-03-18 11:03:26,791 - INFO - 加载特征数据: label_1_count_3230_voxels.npy
2025-03-18 11:03:26,849 - INFO - 加载特征数据: label_20_count_822_voxels.npy
2025-03-18 11:03:26,865 - INFO - 加载特征数据: label_21_count_1376_voxels.npy
2025-03-18 11:03:26,891 - INFO - 加载特征数据: label_22_count_675_voxels.npy
2025-03-18 11:03:26,904 - INFO - 加载特征数据: label_23_count_447_voxels.npy
2025-03-18 11:03:26,911 - INFO - 加载特征数据: label_24_count_678_voxels.npy
2025-03-18 11:03:26,923 - INFO - 加载特征数据: label_25_count_1603_voxels.npy
2025-03-18 11:03:26,950 - INFO - 加载特征数据: label_26_count_1644_voxels.npy
2025-03-18 11:03:26,977 - INFO - 加载特征数据: label_27_count_2460_voxels.npy
2025-03-18 11:03:27,016 - INFO - 加载特征数据: label_28_count_9317_voxels.npy
2025-03-18 11:03:27,126 - INFO - 加载特征数据: label_29_count_1900_voxels.npy
2025-03-18 11:03:27,155 - INFO - 加载特征数据: label_2_count_3298_voxels.npy
2025-03-18 11:03:27,202 - INFO - 加载特征数据: label_30_count_182_voxels.npy
2025-03-18 11:03:27,205 - INFO - 加载特征数据: label_31_count_13343_voxels.npy
2025-03-18 11:03:27,347 - INFO - 加载特征数据: label_32_count_2158_voxels.npy
2025-03-18 11:03:27,379 - INFO - 加载特征数据: label_33_count_25463_voxels.npy
2025-03-18 11:03:27,634 - INFO - 加载特征数据: label_34_count_30069_voxels.npy
2025-03-18 11:03:27,970 - INFO - 加载特征数据: label_35_count_22231_voxels.npy
2025-03-18 11:03:28,227 - INFO - 加载特征数据: label_36_count_7668_voxels.npy
2025-03-18 11:03:28,330 - INFO - 加载特征数据: label_37_count_51201_voxels.npy
2025-03-18 11:03:29,168 - INFO - 加载特征数据: label_38_count_32045_voxels.npy
2025-03-18 11:03:29,486 - INFO - 加载特征数据: label_39_count_30276_voxels.npy
2025-03-18 11:03:29,796 - INFO - 加载特征数据: label_3_count_37244_voxels.npy
2025-03-18 11:03:30,179 - INFO - 加载特征数据: label_40_count_21106_voxels.npy
2025-03-18 11:03:30,397 - INFO - 加载特征数据: label_41_count_44185_voxels.npy
2025-03-18 11:03:31,243 - INFO - 加载特征数据: label_42_count_6953_voxels.npy
2025-03-18 11:03:31,340 - INFO - 加载特征数据: label_44_count_13870_voxels.npy
2025-03-18 11:03:31,494 - INFO - 加载特征数据: label_45_count_11095_voxels.npy
2025-03-18 11:03:31,621 - INFO - 加载特征数据: label_46_count_18384_voxels.npy
2025-03-18 11:03:31,834 - INFO - 加载特征数据: label_47_count_12281_voxels.npy
2025-03-18 11:03:32,002 - INFO - 加载特征数据: label_48_count_10077_voxels.npy
2025-03-18 11:03:32,133 - INFO - 加载特征数据: label_49_count_312_voxels.npy
2025-03-18 11:03:32,139 - INFO - 加载特征数据: label_4_count_34119_voxels.npy
2025-03-18 11:03:32,539 - INFO - 加载特征数据: label_50_count_11214_voxels.npy
2025-03-18 11:03:32,681 - INFO - 加载特征数据: label_51_count_14685_voxels.npy
2025-03-18 11:03:32,852 - INFO - 加载特征数据: label_52_count_10975_voxels.npy
2025-03-18 11:03:32,988 - INFO - 加载特征数据: label_53_count_33806_voxels.npy
2025-03-18 11:03:33,372 - INFO - 加载特征数据: label_54_count_11222_voxels.npy
2025-03-18 11:03:33,519 - INFO - 加载特征数据: label_55_count_7997_voxels.npy
2025-03-18 11:03:33,635 - INFO - 加载特征数据: label_56_count_46770_voxels.npy
2025-03-18 11:03:34,110 - INFO - 加载特征数据: label_57_count_14001_voxels.npy
2025-03-18 11:03:34,270 - INFO - 加载特征数据: label_58_count_3273_voxels.npy
2025-03-18 11:03:34,324 - INFO - 加载特征数据: label_59_count_4490_voxels.npy
2025-03-18 11:03:34,390 - INFO - 加载特征数据: label_5_count_13762_voxels.npy
2025-03-18 11:03:34,544 - INFO - 加载特征数据: label_60_count_31792_voxels.npy
2025-03-18 11:03:34,848 - INFO - 加载特征数据: label_61_count_2678_voxels.npy
2025-03-18 11:03:34,889 - INFO - 加载特征数据: label_62_count_28618_voxels.npy
2025-03-18 11:03:35,166 - INFO - 加载特征数据: label_63_count_10921_voxels.npy
2025-03-18 11:03:35,288 - INFO - 加载特征数据: label_64_count_3724_voxels.npy
2025-03-18 11:03:35,344 - INFO - 加载特征数据: label_65_count_532_voxels.npy
2025-03-18 11:03:35,355 - INFO - 加载特征数据: label_66_count_9593_voxels.npy
2025-03-18 11:03:35,457 - INFO - 加载特征数据: label_67_count_22370_voxels.npy
2025-03-18 11:03:35,683 - INFO - 加载特征数据: label_68_count_26044_voxels.npy
2025-03-18 11:03:35,933 - INFO - 加载特征数据: label_69_count_18229_voxels.npy
2025-03-18 11:03:36,118 - INFO - 加载特征数据: label_6_count_23182_voxels.npy
2025-03-18 11:03:36,341 - INFO - 加载特征数据: label_70_count_10354_voxels.npy
2025-03-18 11:03:36,459 - INFO - 加载特征数据: label_71_count_40615_voxels.npy
2025-03-18 11:03:36,866 - INFO - 加载特征数据: label_72_count_31731_voxels.npy
2025-03-18 11:03:37,200 - INFO - 加载特征数据: label_73_count_20687_voxels.npy
2025-03-18 11:03:37,411 - INFO - 加载特征数据: label_74_count_14855_voxels.npy
2025-03-18 11:03:37,570 - INFO - 加载特征数据: label_75_count_22132_voxels.npy
2025-03-18 11:03:37,792 - INFO - 加载特征数据: label_76_count_3227_voxels.npy
2025-03-18 11:03:37,846 - INFO - 加载特征数据: label_77_count_74_voxels.npy
2025-03-18 11:03:37,849 - INFO - 加载特征数据: label_78_count_8802_voxels.npy
2025-03-18 11:03:37,961 - INFO - 加载特征数据: label_79_count_4662_voxels.npy
2025-03-18 11:03:38,033 - INFO - 加载特征数据: label_7_count_9086_voxels.npy
2025-03-18 11:03:38,143 - INFO - 加载特征数据: label_80_count_12914_voxels.npy
2025-03-18 11:03:38,281 - INFO - 加载特征数据: label_81_count_14075_voxels.npy
2025-03-18 11:03:38,454 - INFO - 加载特征数据: label_82_count_5146_voxels.npy
2025-03-18 11:03:38,530 - INFO - 加载特征数据: label_83_count_1301_voxels.npy
2025-03-18 11:03:38,551 - INFO - 加载特征数据: label_84_count_6624_voxels.npy
2025-03-18 11:03:38,638 - INFO - 加载特征数据: label_85_count_15346_voxels.npy
2025-03-18 11:03:38,810 - INFO - 加载特征数据: label_86_count_10208_voxels.npy
2025-03-18 11:03:38,924 - INFO - 加载特征数据: label_87_count_28284_voxels.npy
2025-03-18 11:03:39,298 - INFO - 加载特征数据: label_88_count_8825_voxels.npy
2025-03-18 11:03:39,405 - INFO - 加载特征数据: label_89_count_10444_voxels.npy
2025-03-18 11:03:39,525 - INFO - 加载特征数据: label_8_count_3559_voxels.npy
2025-03-18 11:03:39,580 - INFO - 加载特征数据: label_90_count_29963_voxels.npy
2025-03-18 11:03:39,867 - INFO - 加载特征数据: label_91_count_8728_voxels.npy
2025-03-18 11:03:39,966 - INFO - 加载特征数据: label_92_count_1644_voxels.npy
2025-03-18 11:03:39,993 - INFO - 加载特征数据: label_93_count_4029_voxels.npy
2025-03-18 11:03:40,056 - INFO - 加载特征数据: label_94_count_33220_voxels.npy
2025-03-18 11:03:40,382 - INFO - 加载特征数据: label_95_count_34580_voxels.npy
2025-03-18 11:03:40,717 - INFO - 加载特征数据: label_96_count_2765_voxels.npy
2025-03-18 11:03:40,764 - INFO - 加载特征数据: label_97_count_13747_voxels.npy
2025-03-18 11:03:40,912 - INFO - 加载特征数据: label_98_count_1644_voxels.npy
2025-03-18 11:03:40,942 - INFO - 加载特征数据: label_99_count_13985_voxels.npy
2025-03-18 11:03:41,087 - INFO - 加载特征数据: label_9_count_981_voxels.npy
2025-03-18 11:03:45,558 - INFO - 训练集数据范围: -4.020593643188477 至 36.849491119384766
2025-03-18 11:03:45,807 - INFO - 测试集数据范围: -3.8613240718841553 至 34.91746520996094
2025-03-18 11:03:46,055 - INFO - 验证集数据范围: -4.064030647277832 至 36.12498092651367
2025-03-18 11:03:46,060 - INFO - 训练集标签范围: 0 至 101
2025-03-18 11:03:46,061 - INFO - 测试集标签范围: 0 至 101
2025-03-18 11:03:46,063 - INFO - 验证集标签范围: 0 至 101
2025-03-18 11:03:46,063 - INFO - 未应用PCA，特征维度: 341
2025-03-18 11:03:46,833 - INFO - 
类别分布:
2025-03-18 11:03:46,833 - INFO -    类别ID      训练集       测试集       验证集        总计    
2025-03-18 11:03:46,833 - INFO - --------------------------------------------------
2025-03-18 11:03:46,833 - INFO -     0       124615    41538     41539     207692  
2025-03-18 11:03:46,834 - INFO -     1        9685      3228      3230     16143   
2025-03-18 11:03:46,834 - INFO -     2        9889      3296      3298     16483   
2025-03-18 11:03:46,834 - INFO -     3       111727    37242     37244     186213  
2025-03-18 11:03:46,834 - INFO -     4       102353    34117     34119     170589  
2025-03-18 11:03:46,834 - INFO -     5       41286     13762     13762     68810   
2025-03-18 11:03:46,834 - INFO -     6       69541     23180     23182     115903  
2025-03-18 11:03:46,834 - INFO -     7       27253      9084      9086     45423   
2025-03-18 11:03:46,834 - INFO -     8       10672      3557      3559     17788   
2025-03-18 11:03:46,834 - INFO -     9        2941      980       981       4902   
2025-03-18 11:03:46,834 - INFO -     10      57074     19024     19026     95124   
2025-03-18 11:03:46,834 - INFO -     11      55357     18452     18454     92263   
2025-03-18 11:03:46,834 - INFO -     12      22326      7442      7442     37210   
2025-03-18 11:03:46,834 - INFO -     13      17004      5668      5669     28341   
2025-03-18 11:03:46,834 - INFO -     14       8418      2806      2806     14030   
2025-03-18 11:03:46,834 - INFO -     15       5664      1888      1889      9441   
2025-03-18 11:03:46,834 - INFO -     16      59247     19749     19750     98746   
2025-03-18 11:03:46,834 - INFO -     17       3401      1133      1135      5669   
2025-03-18 11:03:46,834 - INFO -     18      10752      3584      3584     17920   
2025-03-18 11:03:46,834 - INFO -     19      16868      5622      5624     28114   
2025-03-18 11:03:46,834 - INFO -     20       2464      821       822       4107   
2025-03-18 11:03:46,834 - INFO -     21       4123      1374      1376      6873   
2025-03-18 11:03:46,834 - INFO -     22       2023      674       675       3372   
2025-03-18 11:03:46,834 - INFO -     23       1336      445       447       2228   
2025-03-18 11:03:46,834 - INFO -     24       2032      677       678       3387   
2025-03-18 11:03:46,834 - INFO -     25       4804      1601      1603      8008   
2025-03-18 11:03:46,834 - INFO -     26       4928      1642      1644      8214   
2025-03-18 11:03:46,835 - INFO -     27       7378      2459      2460     12297   
2025-03-18 11:03:46,835 - INFO -     28      27948      9316      9317     46581   
2025-03-18 11:03:46,835 - INFO -     29       5697      1899      1900      9496   
2025-03-18 11:03:46,835 - INFO -     30       544       181       182       907    
2025-03-18 11:03:46,835 - INFO -     31      40025     13341     13343     66709   
2025-03-18 11:03:46,835 - INFO -     32       6472      2157      2158     10787   
2025-03-18 11:03:46,835 - INFO -     33      76385     25461     25463     127309  
2025-03-18 11:03:46,835 - INFO -     34      90203     30067     30069     150339  
2025-03-18 11:03:46,835 - INFO -     35      66690     22230     22231     111151  
2025-03-18 11:03:46,835 - INFO -     36      23000      7666      7668     38334   
2025-03-18 11:03:46,835 - INFO -     37      153601    51200     51201     256002  
2025-03-18 11:03:46,835 - INFO -     38      96130     32043     32045     160218  
2025-03-18 11:03:46,835 - INFO -     39      90828     30276     30276     151380  
2025-03-18 11:03:46,835 - INFO -     40      63314     21104     21106     105524  
2025-03-18 11:03:46,835 - INFO -     41      132550    44183     44185     220918  
2025-03-18 11:03:46,835 - INFO -     42      20856      6952      6953     34761   
2025-03-18 11:03:46,835 - INFO -     44      41606     13868     13870     69344   
2025-03-18 11:03:46,835 - INFO -     45      33285     11095     11095     55475   
2025-03-18 11:03:46,835 - INFO -     46      55147     18382     18384     91913   
2025-03-18 11:03:46,835 - INFO -     47      36841     12280     12281     61402   
2025-03-18 11:03:46,835 - INFO -     48      30228     10076     10077     50381   
2025-03-18 11:03:46,835 - INFO -     49       931       310       312       1553   
2025-03-18 11:03:46,835 - INFO -     50      33637     11212     11214     56063   
2025-03-18 11:03:46,835 - INFO -     51      44050     14683     14685     73418   
2025-03-18 11:03:46,835 - INFO -     52      32923     10974     10975     54872   
2025-03-18 11:03:46,835 - INFO -     53      101414    33804     33806     169024  
2025-03-18 11:03:46,835 - INFO -     54      33663     11221     11222     56106   
2025-03-18 11:03:46,836 - INFO -     55      23986      7995      7997     39978   
2025-03-18 11:03:46,836 - INFO -     56      140307    46769     46770     233846  
2025-03-18 11:03:46,836 - INFO -     57      42001     14000     14001     70002   
2025-03-18 11:03:46,836 - INFO -     58       9816      3272      3273     16361   
2025-03-18 11:03:46,836 - INFO -     59      13468      4489      4490     22447   
2025-03-18 11:03:46,836 - INFO -     60      95371     31790     31792     158953  
2025-03-18 11:03:46,836 - INFO -     61       8032      2677      2678     13387   
2025-03-18 11:03:46,836 - INFO -     62      85852     28617     28618     143087  
2025-03-18 11:03:46,836 - INFO -     63      32758     10919     10921     54598   
2025-03-18 11:03:46,836 - INFO -     64      11172      3724      3724     18620   
2025-03-18 11:03:46,836 - INFO -     65       1591      530       532       2653   
2025-03-18 11:03:46,836 - INFO -     66      28779      9593      9593     47965   
2025-03-18 11:03:46,836 - INFO -     67      67110     22370     22370     111850  
2025-03-18 11:03:46,836 - INFO -     68      78130     26043     26044     130217  
2025-03-18 11:03:46,836 - INFO -     69      54684     18228     18229     91141   
2025-03-18 11:03:46,836 - INFO -     70      31057     10352     10354     51763   
2025-03-18 11:03:46,836 - INFO -     71      121841    40613     40615     203069  
2025-03-18 11:03:46,836 - INFO -     72      95191     31730     31731     158652  
2025-03-18 11:03:46,836 - INFO -     73      62056     20685     20687     103428  
2025-03-18 11:03:46,836 - INFO -     74      44561     14853     14855     74269   
2025-03-18 11:03:46,836 - INFO -     75      66392     22130     22132     110654  
2025-03-18 11:03:46,836 - INFO -     76       9678      3226      3227     16131   
2025-03-18 11:03:46,836 - INFO -     77       217        72        74       363    
2025-03-18 11:03:46,836 - INFO -     78      26406      8802      8802     44010   
2025-03-18 11:03:46,836 - INFO -     79      13981      4660      4662     23303   
2025-03-18 11:03:46,836 - INFO -     80      38738     12912     12914     64564   
2025-03-18 11:03:46,837 - INFO -     81      42223     14074     14075     70372   
2025-03-18 11:03:46,837 - INFO -     82      15434      5144      5146     25724   
2025-03-18 11:03:46,837 - INFO -     83       3898      1299      1301      6498   
2025-03-18 11:03:46,837 - INFO -     84      19870      6623      6624     33117   
2025-03-18 11:03:46,837 - INFO -     85      46035     15345     15346     76726   
2025-03-18 11:03:46,837 - INFO -     86      30621     10207     10208     51036   
2025-03-18 11:03:46,837 - INFO -     87      84852     28284     28284     141420  
2025-03-18 11:03:46,837 - INFO -     88      26475      8825      8825     44125   
2025-03-18 11:03:46,837 - INFO -     89      31330     10443     10444     52217   
2025-03-18 11:03:46,837 - INFO -     90      89889     29963     29963     149815  
2025-03-18 11:03:46,837 - INFO -     91      26181      8727      8728     43636   
2025-03-18 11:03:46,837 - INFO -     92       4928      1642      1644      8214   
2025-03-18 11:03:46,837 - INFO -     93      12085      4028      4029     20142   
2025-03-18 11:03:46,837 - INFO -     94      99656     33218     33220     166094  
2025-03-18 11:03:46,837 - INFO -     95      103736    34578     34580     172894  
2025-03-18 11:03:46,837 - INFO -     96       8290      2763      2765     13818   
2025-03-18 11:03:46,837 - INFO -     97      41237     13745     13747     68729   
2025-03-18 11:03:46,837 - INFO -     98       4928      1642      1644      8214   
2025-03-18 11:03:46,837 - INFO -     99      41955     13985     13985     69925   
2025-03-18 11:03:46,837 - INFO -    100       3372      1124      1125      5621   
2025-03-18 11:03:46,837 - INFO -    101       3847      1282      1283      6412   
2025-03-18 11:03:46,837 - INFO - --------------------------------------------------
2025-03-18 11:03:46,837 - INFO -     总计     4077146   1359018   1359153   6795317  
2025-03-18 11:03:46,894 - INFO - 验证集数据: (1359153, 341), 标签: (1359153,)
2025-03-18 11:03:46,894 - INFO - 3. 增强预处理 - 应用特征选择和标准化
2025-03-18 11:03:46,894 - INFO - 
处理 diffusion 特征组...
2025-03-18 11:03:47,004 - INFO -   使用RobustScaler归一化 diffusion 特征...
2025-03-18 11:03:47,657 - INFO -   选择 diffusion 特征组中的前 10 个特征...
2025-03-18 11:03:48,230 - INFO - 
diffusion 特征组选择结果:
2025-03-18 11:03:48,230 - INFO - 原始特征维度: 15
2025-03-18 11:03:48,230 - INFO - 选择后特征维度: 10
2025-03-18 11:03:48,231 - INFO - 均值F分数: 9387.41
2025-03-18 11:03:48,231 - INFO - 最大F分数: 16818.90
2025-03-18 11:03:48,231 - INFO - 
前10个最重要的特征:
2025-03-18 11:03:48,231 - INFO -   特征 8: F分数 = 16818.90
2025-03-18 11:03:48,231 - INFO -   特征 0: F分数 = 15432.20
2025-03-18 11:03:48,231 - INFO -   特征 5: F分数 = 13117.26
2025-03-18 11:03:48,231 - INFO -   特征 10: F分数 = 11838.28
2025-03-18 11:03:48,231 - INFO -   特征 4: F分数 = 10339.58
2025-03-18 11:03:48,231 - INFO -   特征 13: F分数 = 10059.44
2025-03-18 11:03:48,231 - INFO -   特征 2: F分数 = 10041.50
2025-03-18 11:03:48,231 - INFO -   特征 12: F分数 = 9273.17
2025-03-18 11:03:48,231 - INFO -   特征 3: F分数 = 8993.40
2025-03-18 11:03:48,231 - INFO -   特征 14: F分数 = 7953.18
2025-03-18 11:03:48,671 - INFO - 
处理 qti 特征组...
2025-03-18 11:03:50,245 - INFO -   使用RobustScaler归一化 qti 特征...
2025-03-18 11:03:58,939 - INFO -   选择 qti 特征组中的前 30 个特征...
2025-03-18 11:04:01,262 - INFO - 
qti 特征组选择结果:
2025-03-18 11:04:01,262 - INFO - 原始特征维度: 210
2025-03-18 11:04:01,262 - INFO - 选择后特征维度: 30
2025-03-18 11:04:01,262 - INFO - 均值F分数: 8618.64
2025-03-18 11:04:01,262 - INFO - 最大F分数: 16368.07
2025-03-18 11:04:01,262 - INFO - 
前10个最重要的特征:
2025-03-18 11:04:01,262 - INFO -   特征 0: F分数 = 16368.07
2025-03-18 11:04:01,262 - INFO -   特征 81: F分数 = 16225.93
2025-03-18 11:04:01,262 - INFO -   特征 178: F分数 = 16188.63
2025-03-18 11:04:01,262 - INFO -   特征 162: F分数 = 16124.01
2025-03-18 11:04:01,262 - INFO -   特征 194: F分数 = 16108.88
2025-03-18 11:04:01,262 - INFO -   特征 181: F分数 = 15151.36
2025-03-18 11:04:01,262 - INFO -   特征 91: F分数 = 15139.63
2025-03-18 11:04:01,262 - INFO -   特征 179: F分数 = 15126.45
2025-03-18 11:04:01,262 - INFO -   特征 165: F分数 = 15120.39
2025-03-18 11:04:01,262 - INFO -   特征 195: F分数 = 15119.82
2025-03-18 11:04:01,932 - INFO - 
处理 cest 特征组...
2025-03-18 11:04:02,809 - INFO -   使用RobustScaler归一化 cest 特征...
2025-03-18 11:04:07,697 - INFO -   选择 cest 特征组中的前 20 个特征...
2025-03-18 11:04:09,206 - INFO - 
cest 特征组选择结果:
2025-03-18 11:04:09,206 - INFO - 原始特征维度: 116
2025-03-18 11:04:09,206 - INFO - 选择后特征维度: 20
2025-03-18 11:04:09,207 - INFO - 均值F分数: 5913.97
2025-03-18 11:04:09,207 - INFO - 最大F分数: 9942.97
2025-03-18 11:04:09,207 - INFO - 
前10个最重要的特征:
2025-03-18 11:04:09,207 - INFO -   特征 79: F分数 = 9942.97
2025-03-18 11:04:09,207 - INFO -   特征 23: F分数 = 9549.62
2025-03-18 11:04:09,207 - INFO -   特征 78: F分数 = 8097.52
2025-03-18 11:04:09,207 - INFO -   特征 22: F分数 = 7299.70
2025-03-18 11:04:09,207 - INFO -   特征 2: F分数 = 6805.91
2025-03-18 11:04:09,207 - INFO -   特征 77: F分数 = 6695.28
2025-03-18 11:04:09,207 - INFO -   特征 26: F分数 = 6682.93
2025-03-18 11:04:09,207 - INFO -   特征 76: F分数 = 6368.19
2025-03-18 11:04:09,207 - INFO -   特征 82: F分数 = 6299.39
2025-03-18 11:04:09,207 - INFO -   特征 72: F分数 = 6211.14
2025-03-18 11:04:09,670 - INFO -   diffusion 特征组处理后维度: (1359153, 10)
2025-03-18 11:04:09,670 - INFO -   qti 特征组处理后维度: (1359153, 30)
2025-03-18 11:04:09,671 - INFO -   cest 特征组处理后维度: (1359153, 20)
2025-03-18 11:04:09,671 - INFO - 4. 获取当前定义的大类标签
2025-03-18 11:04:09,671 - INFO - 大类划分统计:
2025-03-18 11:04:09,671 - INFO - 大类 0 - 脑室系统 (Ventricular System): 7 个细分类别
2025-03-18 11:04:09,671 - INFO -     包含的细分类别: [1, 2, 9, 10, 14, 19, 34]
2025-03-18 11:04:09,671 - INFO - 大类 1 - 白质 (White Matter): 46 个细分类别
2025-03-18 11:04:09,671 - INFO -     包含的细分类别: [3, 22, 96, 97, 98, 99, 100, 23, 24, 25, 26, 63, 64, 65, 66, 67, 68, 69, 70, 71, 72, 73, 74, 75, 76, 77, 78, 79, 80, 81, 82, 83, 84, 85, 86, 87, 88, 89, 90, 91, 92, 93, 94, 95, 101, 102]
2025-03-18 11:04:09,671 - INFO - 大类 2 - 灰质-皮层 (Cortical Gray Matter): 37 个细分类别
2025-03-18 11:04:09,671 - INFO -     包含的细分类别: [4, 23, 28, 29, 30, 31, 32, 33, 34, 35, 36, 37, 38, 39, 40, 41, 42, 43, 44, 45, 46, 47, 48, 49, 50, 51, 52, 53, 54, 55, 56, 57, 58, 59, 60, 61, 62]
2025-03-18 11:04:09,671 - INFO - 大类 3 - 深部灰质核团 (Deep Gray Nuclei): 14 个细分类别
2025-03-18 11:04:09,671 - INFO -     包含的细分类别: [5, 6, 7, 8, 15, 16, 17, 27, 24, 25, 26, 30, 31, 32]
2025-03-18 11:04:09,671 - INFO - 大类 4 - 边缘系统 (Limbic System): 4 个细分类别
2025-03-18 11:04:09,671 - INFO -     包含的细分类别: [12, 13, 28, 29]
2025-03-18 11:04:09,671 - INFO - 大类 5 - 脑干 (Brain Stem): 1 个细分类别
2025-03-18 11:04:09,671 - INFO -     包含的细分类别: [11]
2025-03-18 11:04:09,671 - INFO - 大类 6 - 其他结构 (Other Structures): 4 个细分类别
2025-03-18 11:04:09,671 - INFO -     包含的细分类别: [0, 18, 20, 21]
2025-03-18 11:04:09,948 - INFO - 
大类标签分布:
2025-03-18 11:04:09,949 - INFO - 大类 0: 34965 个样本
2025-03-18 11:04:09,949 - INFO - 大类 1: 546351 个样本
2025-03-18 11:04:09,949 - INFO - 大类 2: 593303 个样本
2025-03-18 11:04:09,949 - INFO - 大类 3: 94431 个样本
2025-03-18 11:04:09,949 - INFO - 大类 4: 24328 个样本
2025-03-18 11:04:09,949 - INFO - 大类 5: 18454 个样本
2025-03-18 11:04:09,949 - INFO - 大类 6: 47321 个样本
2025-03-18 11:04:09,950 - INFO - 大类标签范围: 0 至 6
2025-03-18 11:04:09,954 - INFO - 大类标签唯一值: [0 1 2 3 4 5 6]
2025-03-18 11:04:09,954 - INFO - 5. 分析特征空间类别可分性
2025-03-18 11:04:09,954 - INFO - 分析特征空间中的类别可分性...
2025-03-18 11:04:09,954 - INFO - \n分析 diffusion 特征组...
2025-03-18 11:04:09,955 - INFO -   计算 KNN 分类器性能...
2025-03-18 11:06:28,808 - INFO -  完成! (138.9秒)
2025-03-18 11:06:28,809 - INFO -     结果: 0.6585 ± 0.0003
2025-03-18 11:06:28,809 - INFO -   计算 SVM 分类器性能...
